warning: items are not in topological order in this module
  --> $DIR/main.rs:13:9
   |
LL |         callee(); //~ WARN items are not in topological order
   |         ^^^^^^ `fn caller` references `fn callee` but appears before it
   |
   = help: reorder items so referenced items appear before their referencing items
note: the lint level is defined here
  --> $DIR/main.rs:5:9
   |
LL | #![warn(topological_ordering)]
   |         ^^^^^^^^^^^^^^^^^^^^

warning: items are not in topological order in this module
  --> $DIR/main.rs:23:22
   |
LL |     fn process(_cfg: Config) {} //~ WARN items are not in topological order
   |                      ^^^^^^ `fn process` references `struct Config` but appears before it
   |
   = help: reorder items so referenced items appear before their referencing items

warning: `impl Widget` is separated from its type definition
  --> $DIR/main.rs:43:5
   |
LL | /     struct Widget {
LL | |         name: String,
LL | |     }
   | |_____- `Widget` defined here
...
LL | /     impl Widget {
LL | |         //~^ WARN `impl Widget` is separated from its type definition
LL | |         fn new(name: String) -> Self {
LL | |             Self { name }
LL | |         }
LL | |     }
   | |_____^
   |
   = help: move the impl block adjacent to its type definition

warning: `impl std::fmt::Display for Point` is separated from its type definition
  --> $DIR/main.rs:134:5
   |
LL | /     struct Point {
LL | |         x: f64,
LL | |         y: f64,
LL | |     }
   | |_____- `Point` defined here
...
LL | /     impl std::fmt::Display for Point {
LL | |         //~^ WARN `impl std::fmt::Display for Point` is separated from its type definition
LL | |         fn fmt(&self, f: &mut std::fmt::Formatter<'_>) -> std::fmt::Result {
LL | |             write!(f, "({}, {})", self.x, self.y)
LL | |         }
LL | |     }
   | |_____^
   |
   = help: move the impl block adjacent to its type definition

warning: items are not in topological order in this module
  --> $DIR/main.rs:58:9
   |
LL |         leaf(); //~ WARN items are not in topological order
   |         ^^^^ `fn a` references `fn leaf` but appears before it
   |
   = help: reorder items so referenced items appear before their referencing items

warning: 5 warnings emitted

