warning: immediately inserting into a newly created map — consider using `HashMap::from([..])`
  --> $DIR/main.rs:23:5
   |
LL | /     let mut m = HashMap::new(); //~ WARNING: immediately inserting into a newly created map
LL | |     m.insert("a", 1);
LL | |     m.insert("b", 2);
   | |_____________________^
   |
   = help: use `let m = HashMap::from([..])` to initialize the map inline
   = note: `#[warn(map_init_then_insert)]` on by default

warning: immediately inserting into a newly created map — consider using `HashMap::from([..])`
  --> $DIR/main.rs:29:5
   |
LL | /     let mut m = HashMap::new(); //~ WARNING: immediately inserting into a newly created map
LL | |     m.insert("a", 1);
LL | |     m.insert("b", 2);
LL | |     m.insert("c", 3);
   | |_____________________^
   |
   = help: use `let m = HashMap::from([..])` to initialize the map inline

warning: immediately inserting into a newly created map — consider using `BTreeMap::from([..])`
  --> $DIR/main.rs:40:5
   |
LL | /     let mut m = BTreeMap::new(); //~ WARNING: immediately inserting into a newly created map
LL | |     m.insert(1, "one");
LL | |     m.insert(2, "two");
   | |_______________________^
   |
   = help: use `let m = BTreeMap::from([..])` to initialize the map inline

warning: immediately inserting into a newly created map — consider using `IndexMap::from([..])`
  --> $DIR/main.rs:50:5
   |
LL | /     let mut m = IndexMap::new(); //~ WARNING: immediately inserting into a newly created map
LL | |     m.insert("a", 1);
LL | |     m.insert("b", 2);
   | |_____________________^
   |
   = help: use `let m = IndexMap::from([..])` to initialize the map inline

warning: immediately inserting into a newly created map — consider using `HashMap::from([..])`
  --> $DIR/main.rs:69:5
   |
LL | /     let mut m: HashMap<&str, i32> = HashMap::default(); //~ WARNING: immediately inserting into a newly created map
LL | |     m.insert("x", 10);
LL | |     m.insert("y", 20);
   | |______________________^
   |
   = help: use `let m = HashMap::from([..])` to initialize the map inline

warning: immediately inserting into a newly created map — consider using `HashMap::from([..])`
  --> $DIR/main.rs:79:5
   |
LL | /     let mut m = HashMap::with_capacity(4); //~ WARNING: immediately inserting into a newly created map
LL | |     m.insert("a", 1);
LL | |     m.insert("b", 2);
   | |_____________________^
   |
   = help: use `let m = HashMap::from([..])` to initialize the map inline

warning: immediately inserting into a newly created map — consider using `HashMap::from([..])`
  --> $DIR/main.rs:139:5
   |
LL | /     let mut m = HashMap::new(); //~ WARNING: immediately inserting into a newly created map
LL | |     m.insert("a", 1);
LL | |     m.insert("b", 2);
   | |_____________________^
   |
   = help: use `let m = HashMap::from([..])` to initialize the map inline

warning: immediately inserting into a newly created map — consider using `FxHashMap::from([..])`
  --> $DIR/main.rs:173:5
   |
LL | /     let mut m = FxHashMap::default(); //~ WARNING: immediately inserting into a newly created map
LL | |     m.insert("a", 1);
LL | |     m.insert("b", 2);
   | |_____________________^
   |
   = help: use `let m = FxHashMap::from([..])` to initialize the map inline

warning: immediately inserting into a newly created map — consider using `AHashMap::from([..])`
  --> $DIR/main.rs:183:5
   |
LL | /     let mut m = AHashMap::new(); //~ WARNING: immediately inserting into a newly created map
LL | |     m.insert("a", 1);
LL | |     m.insert("b", 2);
   | |_____________________^
   |
   = help: use `let m = AHashMap::from([..])` to initialize the map inline

warning: 9 warnings emitted

