error: constructor `new` can panic — consider returning `Result` or renaming to `try_new`
  --> $DIR/main.rs:20:9
   |
LL | /         pub fn new(path: &str) -> Self {
LL | |             //~^ ERROR: constructor `new` can panic
LL | |             let contents = std::fs::read_to_string(path).unwrap();
LL | |             Self { data: contents }
LL | |         }
   | |_________^
   |
note: `.unwrap()` can panic — use `?` with a `Result` return type instead
  --> $DIR/main.rs:22:58
   |
LL |             let contents = std::fs::read_to_string(path).unwrap();
   |                                                          ^^^^^^^^
   = note: `#[deny(fallible_new)]` on by default

error: constructor `new` can panic — consider returning `Result` or renaming to `try_new`
  --> $DIR/main.rs:33:9
   |
LL | /         pub fn new(url: &str) -> Self {
LL | |             //~^ ERROR: constructor `new` can panic
LL | |             let validated = url.parse::<u16>().expect("invalid port");
LL | |             Self {
...  |
LL | |         }
   | |_________^
   |
note: `.expect()` can panic — use `?` with a `Result` return type instead
  --> $DIR/main.rs:35:48
   |
LL |             let validated = url.parse::<u16>().expect("invalid port");
   |                                                ^^^^^^^^^^^^^^^^^^^^^^

error: constructor `new` can panic — consider returning `Result` or renaming to `try_new`
  --> $DIR/main.rs:46:9
   |
LL | /         pub fn new(mode: &str) -> Self {
LL | |             //~^ ERROR: constructor `new` can panic
LL | |             if mode != "strict" {
LL | |                 panic!("only strict mode is supported");
LL | |             }
LL | |             Self
LL | |         }
   | |_________^
   |
note: `panic!()` can panic — use `?` with a `Result` return type instead
  --> $DIR/main.rs:49:17
   |
LL |                 panic!("only strict mode is supported");
   |                 ^^^^^^^^^^^^^^^^^^^^^^^^^^^^^^^^^^^^^^^

error: constructor `new_with_port` can panic — consider returning `Result` or renaming to `try_new_with_port`
  --> $DIR/main.rs:61:9
   |
LL | /         pub fn new_with_port(port_str: &str) -> Self {
LL | |             //~^ ERROR: constructor `new_with_port` can panic
LL | |             let port = port_str.parse::<u16>().unwrap();
LL | |             Self { port }
LL | |         }
   | |_________^
   |
note: `.unwrap()` can panic — use `?` with a `Result` return type instead
  --> $DIR/main.rs:63:48
   |
LL |             let port = port_str.parse::<u16>().unwrap();
   |                                                ^^^^^^^^

error: constructor `new` can panic — consider returning `Result` or renaming to `try_new`
  --> $DIR/main.rs:75:9
   |
LL | /         pub fn new(a: &str, b: &str) -> Self {
LL | |             //~^ ERROR: constructor `new` can panic
LL | |             let a = a.parse::<String>().unwrap();
LL | |             let b = b.parse::<u16>().expect("bad b");
LL | |             Self { a, b }
LL | |         }
   | |_________^
   |
note: `.unwrap()` can panic — use `?` with a `Result` return type instead
  --> $DIR/main.rs:77:41
   |
LL |             let a = a.parse::<String>().unwrap();
   |                                         ^^^^^^^^
note: `.expect()` can panic — use `?` with a `Result` return type instead
  --> $DIR/main.rs:78:38
   |
LL |             let b = b.parse::<u16>().expect("bad b");
   |                                      ^^^^^^^^^^^^^^^

error: constructor `new` can panic — consider returning `Result` or renaming to `try_new`
  --> $DIR/main.rs:87:9
   |
LL | /         pub fn new(mode: u8) -> Self {
LL | |             //~^ ERROR: constructor `new` can panic
LL | |             match mode {
LL | |                 0 => Self,
...  |
LL | |         }
   | |_________^
   |
note: `unreachable!()` can panic — use `?` with a `Result` return type instead
  --> $DIR/main.rs:91:22
   |
LL |                 _ => unreachable!("only mode 0"),
   |                      ^^^^^^^^^^^^^^^^^^^^^^^^^^^

error: constructor `new` can panic — consider returning `Result` or renaming to `try_new`
  --> $DIR/main.rs:100:9
   |
LL | /         pub fn new(port_str: &str) -> Self {
LL | |             //~^ ERROR: constructor `new` can panic
LL | |             assert_eq!(port_str.parse::<u16>().unwrap(), 80);
LL | |             Self
LL | |         }
   | |_________^
   |
note: `.unwrap()` can panic — use `?` with a `Result` return type instead
  --> $DIR/main.rs:102:48
   |
LL |             assert_eq!(port_str.parse::<u16>().unwrap(), 80);
   |                                                ^^^^^^^^

error: constructor `new` can panic — consider returning `Result` or renaming to `try_new`
  --> $DIR/main.rs:111:9
   |
LL | /         pub fn new() -> Self {
LL | |             //~^ ERROR: constructor `new` can panic
LL | |             (|| panic!("boom"))();
LL | |             Self
LL | |         }
   | |_________^
   |
note: `panic!()` can panic — use `?` with a `Result` return type instead
  --> $DIR/main.rs:113:17
   |
LL |             (|| panic!("boom"))();
   |                 ^^^^^^^^^^^^^^

error: aborting due to 8 previous errors

