warning: public function returns `Result<_, String>` — use a type that implements `Error`
  --> $DIR/main.rs:14:38
   |
LL | pub fn parse_string(_input: &str) -> Result<(), String> {
   |                                      ^^^^^^^^^^^^^^^^^^
   |
   = help: define an error enum with `#[derive(thiserror::Error)]`
   = note: `#[warn(proper_error_type)]` on by default

warning: public function returns `Result<_, &str>` — use a type that implements `Error`
  --> $DIR/main.rs:19:35
   |
LL | pub fn parse_str(_input: &str) -> Result<(), &'static str> {
   |                                   ^^^^^^^^^^^^^^^^^^^^^^^^
   |
   = help: define an error enum with `#[derive(thiserror::Error)]`

warning: public function returns `Result<_, Box<dyn Error>>` — use a type that implements `Error`
  --> $DIR/main.rs:24:37
   |
LL | pub fn parse_boxed(_input: &str) -> Result<(), Box<dyn std::error::Error>> {
   |                                     ^^^^^^^^^^^^^^^^^^^^^^^^^^^^^^^^^^^^^^
   |
   = help: define an error enum with `#[derive(thiserror::Error)]`

warning: public function returns `Result<_, Box<dyn Error>>` — use a type that implements `Error`
  --> $DIR/main.rs:29:47
   |
LL | pub fn parse_boxed_send_sync(_input: &str) -> Result<(), Box<dyn std::error::Error + Send + Sync>> {
   |                                               ^^^^^^^^^^^^^^^^^^^^^^^^^^^^^^^^^^^^^^^^^^^^^^^^^^^^
   |
   = help: define an error enum with `#[derive(thiserror::Error)]`

warning: public function returns `Result<_, Cow<'_, str>>` — use a type that implements `Error`
  --> $DIR/main.rs:37:35
   |
LL | pub fn parse_cow(_input: &str) -> Result<(), std::borrow::Cow<'static, str>> {
   |                                   ^^^^^^^^^^^^^^^^^^^^^^^^^^^^^^^^^^^^^^^^^^
   |
   = help: define an error enum with `#[derive(thiserror::Error)]`

warning: `pub(crate)` function returns `Result<_, String>` — use a type that implements `Error`
  --> $DIR/main.rs:42:52
   |
LL | pub(crate) fn pub_crate_string_err(_path: &str) -> Result<(), String> {
   |                                                    ^^^^^^^^^^^^^^^^^^
   |
   = help: define an error enum with `#[derive(thiserror::Error)]`

warning: public function returns `Result<_, String>` — use a type that implements `Error`
  --> $DIR/main.rs:48:50
   |
LL | pub async fn parse_string_async(_input: &str) -> Result<(), String> {
   |                                                  ^^^^^^^^^^^^^^^^^^
   |
   = help: define an error enum with `#[derive(thiserror::Error)]`

warning: `ConfigError` wraps error types but does not implement `source()`
  --> $DIR/main.rs:94:1
   |
LL | impl std::error::Error for ConfigError {}
   | ^^^^^^^^^^^^^^^^^^^^^^^^^^^^^^^^^^^^^^^^^
   |
   = help: use `#[derive(thiserror::Error)]` with `#[source]` / `#[from]`

warning: `PubCrateConfigError` wraps error types but does not implement `source()`
  --> $DIR/main.rs:143:1
   |
LL | impl std::error::Error for PubCrateConfigError {}
   | ^^^^^^^^^^^^^^^^^^^^^^^^^^^^^^^^^^^^^^^^^^^^^^^^^
   |
   = help: use `#[derive(thiserror::Error)]` with `#[source]` / `#[from]`

warning: `ParseError` is named as an error type but does not implement `std::error::Error`
  --> $DIR/main.rs:196:1
   |
LL | / pub enum ParseError {
LL | |     InvalidSyntax,
LL | |     UnexpectedEof,
LL | | }
   | |_^
   |
   = help: add `#[derive(thiserror::Error, Debug)]`

warning: `ConnectionErr` is named as an error type but does not implement `std::error::Error`
  --> $DIR/main.rs:202:1
   |
LL | / pub struct ConnectionErr {
LL | |     pub message: String,
LL | | }
   | |_^
   |
   = help: add `#[derive(thiserror::Error, Debug)]`

warning: `PubCrateParseError` is named as an error type but does not implement `std::error::Error`
  --> $DIR/main.rs:214:1
   |
LL | / pub(crate) enum PubCrateParseError {
LL | |     InvalidSyntax,
LL | | }
   | |_^
   |
   = help: add `#[derive(thiserror::Error, Debug)]`

warning: manual `Error` + `Display` impl — use `#[derive(thiserror::Error)]`
  --> $DIR/main.rs:94:1
   |
LL | impl std::error::Error for ConfigError {}
   | ^^^^^^^^^^^^^^^^^^^^^^^^^^^^^^^^^^^^^^^^^
   |
   = help: thiserror eliminates boilerplate and keeps Display in sync with variants

warning: manual `Error` + `Display` impl — use `#[derive(thiserror::Error)]`
  --> $DIR/main.rs:160:1
   |
LL | / impl std::error::Error for DupSourceError {
LL | |     fn source(&self) -> Option<&(dyn std::error::Error + 'static)> {
LL | |         match self {
LL | |             Self::Io(e) => Some(e),
...  |
LL | | }
   | |_^
   |
   = help: thiserror eliminates boilerplate and keeps Display in sync with variants

warning: `Display` renders inner error that is also returned by `source()`
  --> $DIR/main.rs:153:1
   |
LL | / impl fmt::Display for DupSourceError {
LL | |     fn fmt(&self, f: &mut fmt::Formatter<'_>) -> fmt::Result {
LL | |         match self {
LL | |             Self::Io(e) => write!(f, "io error: {e}"),
...  |
LL | | }
   | |_^
   |
   = help: describe only what went wrong at this level — the source chain handles the rest

warning: manual `Error` + `Display` impl — use `#[derive(thiserror::Error)]`
  --> $DIR/main.rs:78:1
   |
LL | impl std::error::Error for MyTypedError {}
   | ^^^^^^^^^^^^^^^^^^^^^^^^^^^^^^^^^^^^^^^^^^
   |
   = help: thiserror eliminates boilerplate and keeps Display in sync with variants

warning: manual `Error` + `Display` impl — use `#[derive(thiserror::Error)]`
  --> $DIR/main.rs:143:1
   |
LL | impl std::error::Error for PubCrateConfigError {}
   | ^^^^^^^^^^^^^^^^^^^^^^^^^^^^^^^^^^^^^^^^^^^^^^^^^
   |
   = help: thiserror eliminates boilerplate and keeps Display in sync with variants

warning: manual `Error` + `Display` impl — use `#[derive(thiserror::Error)]`
  --> $DIR/main.rs:129:1
   |
LL | impl std::error::Error for SimpleError {}
   | ^^^^^^^^^^^^^^^^^^^^^^^^^^^^^^^^^^^^^^^^^
   |
   = help: thiserror eliminates boilerplate and keeps Display in sync with variants

warning: manual `Error` + `Display` impl — use `#[derive(thiserror::Error)]`
  --> $DIR/main.rs:109:1
   |
LL | / impl std::error::Error for ConfigErrorWithSource {
LL | |     fn source(&self) -> Option<&(dyn std::error::Error + 'static)> {
LL | |         match self {
LL | |             Self::Io(e) => Some(e),
...  |
LL | | }
   | |_^
   |
   = help: thiserror eliminates boilerplate and keeps Display in sync with variants

warning: manual `Error` + `Display` impl — use `#[derive(thiserror::Error)]`
  --> $DIR/main.rs:182:1
   |
LL | / impl std::error::Error for DerefMatchError {
LL | |     fn source(&self) -> Option<&(dyn std::error::Error + 'static)> {
LL | |         match *self {
LL | |             Self::Io(ref e) => Some(e),
...  |
LL | | }
   | |_^
   |
   = help: thiserror eliminates boilerplate and keeps Display in sync with variants

warning: 20 warnings emitted

