warning: debug remnant: `println!` in committed code
  --> $DIR/main.rs:16:5
   |
LL |     println!("Processing ${}", amount); //~ WARNING: debug remnant
   |     ^^^^^^^^^^^^^^^^^^^^^^^^^^^^^^^^^^
   |
   = help: replace with `tracing::info!(...)` for structured logging
   = note: `#[warn(debug_remnants)]` on by default

warning: debug remnant: `eprintln!` in committed code
  --> $DIR/main.rs:24:5
   |
LL |     eprintln!("Got request: {}", req); //~ WARNING: debug remnant
   |     ^^^^^^^^^^^^^^^^^^^^^^^^^^^^^^^^^
   |
   = help: replace with `tracing::warn!(...)` for structured logging

warning: debug remnant: `dbg!` in committed code
  --> $DIR/main.rs:32:5
   |
LL |     dbg!(config); //~ WARNING: debug remnant
   |     ^^^^^^^^^^^^
   |
   = help: replace with `tracing::debug!(...)` for structured logging

warning: debug remnant: `print!` in committed code
  --> $DIR/main.rs:41:5
   |
LL |     print!("debug: "); //~ WARNING: debug remnant
   |     ^^^^^^^^^^^^^^^^^
   |
   = help: replace with `tracing::info!(...)` for structured logging

warning: debug remnant: `println!` in committed code
  --> $DIR/main.rs:49:5
   |
LL |     println!("Starting server"); //~ WARNING: debug remnant
   |     ^^^^^^^^^^^^^^^^^^^^^^^^^^^
   |
   = help: replace with `tracing::info!(...)` for structured logging

warning: 5 warnings emitted

