warning: struct `Config` has 4 fields; consider exposing a `#[builder]` constructor
  --> $DIR/main.rs:14:1
   |
LL | / struct Config {
LL | |     host: String,
LL | |     port: u16,
LL | |     timeout: u32,
LL | |     retries: u8,
LL | | }
   | |_^
   |
   = help: use the function builder style: `#[bon] impl` plus `#[builder] fn new(...) -> Self`
   = note: `#[warn(suggest_builder)]` on by default

warning: struct `LargerConfig` has 5 fields; consider exposing a `#[builder]` constructor
  --> $DIR/main.rs:22:1
   |
LL | / struct LargerConfig {
LL | |     host: String,
LL | |     port: u16,
LL | |     timeout: u32,
LL | |     retries: u8,
LL | |     verbose: bool,
LL | | }
   | |_^
   |
   = help: use the function builder style: `#[bon] impl` plus `#[builder] fn new(...) -> Self`

warning: struct `TypedContainer` has 4 fields; consider exposing a `#[builder]` constructor
  --> $DIR/main.rs:127:1
   |
LL | / struct TypedContainer<T, U> {
LL | |     name: String,
LL | |     capacity: usize,
LL | |     items: Vec<u8>,
...  |
LL | |     _u: PhantomData<fn(U)>,
LL | | }
   | |_^
   |
   = help: use the function builder style: `#[bon] impl` plus `#[builder] fn new(...) -> Self`

warning: 3 warnings emitted

