error: glob imports (`use foo::*`) are banned — list each imported name explicitly
  --> $DIR/main.rs:18:5
   |
LL |     use inner::*;
   |     ^^^^^^^^^^^^^
   |
   = help: replace `use foo::*` with an explicit list: `use foo::{Bar, Baz}`
   = note: `#[deny(unclear_exports)]` on by default

error: glob imports (`use foo::*`) are banned — list each imported name explicitly
  --> $DIR/main.rs:22:5
   |
LL |     pub(crate) use inner::*;
   |     ^^^^^^^^^^^^^^^^^^^^^^^^
   |
   = help: replace `use foo::*` with an explicit list: `use foo::{Bar, Baz}`

error: glob imports (`use foo::*`) are banned — list each imported name explicitly
  --> $DIR/main.rs:26:5
   |
LL |     pub(super) use inner::*;
   |     ^^^^^^^^^^^^^^^^^^^^^^^^
   |
   = help: replace `use foo::*` with an explicit list: `use foo::{Bar, Baz}`

error: glob imports (`use foo::*`) are banned — list each imported name explicitly
  --> $DIR/main.rs:30:5
   |
LL |     pub use inner::*;
   |     ^^^^^^^^^^^^^^^^^
   |
   = help: replace `use foo::*` with an explicit list: `use foo::{Bar, Baz}`

error: glob imports (`use foo::*`) are banned — list each imported name explicitly
  --> $DIR/main.rs:34:5
   |
LL |     use prelude::*;
   |     ^^^^^^^^^^^^^^^
   |
   = help: replace `use foo::*` with an explicit list: `use foo::{Bar, Baz}`

error: renamed imports (`use foo::Bar as Baz`) are banned — use the original name
  --> $DIR/main.rs:50:5
   |
LL |     pub use inner::Bar as MyBar;
   |     ^^^^^^^^^^^^^^^^^^^^^^^^^^^^
   |
   = help: import the item under its original name, or create a type alias if a new name is truly needed

error: renamed imports (`use foo::Bar as Baz`) are banned — use the original name
  --> $DIR/main.rs:51:5
   |
LL |     use inner::Foo as MyFoo;
   |     ^^^^^^^^^^^^^^^^^^^^^^^^
   |
   = help: import the item under its original name, or create a type alias if a new name is truly needed

error: renamed imports (`use foo::Bar as Baz`) are banned — use the original name
  --> $DIR/main.rs:55:5
   |
LL |     pub(crate) use inner::Foo as CrateFoo;
   |     ^^^^^^^^^^^^^^^^^^^^^^^^^^^^^^^^^^^^^^
   |
   = help: import the item under its original name, or create a type alias if a new name is truly needed

error: aborting due to 8 previous errors

